Analysis & Synthesis report for de2_115_top
Fri Mar 22 02:15:37 2019
Quartus II 64-Bit Version 13.1.0 Build 162 10/23/2013 SJ Web Edition


---------------------
; Table of Contents ;
---------------------
  1. Legal Notice
  2. Analysis & Synthesis Summary
  3. Analysis & Synthesis Settings
  4. Parallel Compilation
  5. Analysis & Synthesis Source Files Read
  6. Analysis & Synthesis Resource Usage Summary
  7. Analysis & Synthesis Resource Utilization by Entity
  8. Registers Removed During Synthesis
  9. Removed Registers Triggering Further Register Optimizations
 10. General Register Statistics
 11. Multiplexer Restructuring Statistics (Restructuring Performed)
 12. Parameter Settings for User Entity Instance: top:top|arm:arm|controller:c|condlogic:cl|flopenr:flagreg1
 13. Parameter Settings for User Entity Instance: top:top|arm:arm|controller:c|condlogic:cl|flopenr:flagreg0
 14. Parameter Settings for User Entity Instance: top:top|arm:arm|datapath:dp|mux2:pcmux
 15. Parameter Settings for User Entity Instance: top:top|arm:arm|datapath:dp|flopr:pcreg
 16. Parameter Settings for User Entity Instance: top:top|arm:arm|datapath:dp|adder:pcadd1
 17. Parameter Settings for User Entity Instance: top:top|arm:arm|datapath:dp|adder:pcadd2
 18. Parameter Settings for User Entity Instance: top:top|arm:arm|datapath:dp|mux2:ra1mux
 19. Parameter Settings for User Entity Instance: top:top|arm:arm|datapath:dp|mux2:ra2mux
 20. Parameter Settings for User Entity Instance: top:top|arm:arm|datapath:dp|mux2:resmux
 21. Parameter Settings for User Entity Instance: top:top|arm:arm|datapath:dp|mux2:srcbmux
 22. Port Connectivity Checks: "top:top|arm:arm|datapath:dp|mux2:ra1mux"
 23. Port Connectivity Checks: "top:top|arm:arm|datapath:dp|adder:pcadd2"
 24. Port Connectivity Checks: "top:top|arm:arm|datapath:dp|adder:pcadd1"
 25. Elapsed Time Per Partition
 26. Analysis & Synthesis Messages
 27. Analysis & Synthesis Suppressed Messages



----------------
; Legal Notice ;
----------------
Copyright (C) 1991-2013 Altera Corporation
Your use of Altera Corporation's design tools, logic functions 
and other software and tools, and its AMPP partner logic 
functions, and any output files from any of the foregoing 
(including device programming or simulation files), and any 
associated documentation or information are expressly subject 
to the terms and conditions of the Altera Program License 
Subscription Agreement, Altera MegaCore Function License 
Agreement, or other applicable license agreement, including, 
without limitation, that your use is for the sole purpose of 
programming logic devices manufactured by Altera and sold by 
Altera or its authorized distributors.  Please refer to the 
applicable agreement for further details.



+---------------------------------------------------------------------------------+
; Analysis & Synthesis Summary                                                    ;
+------------------------------------+--------------------------------------------+
; Analysis & Synthesis Status        ; Successful - Fri Mar 22 02:15:37 2019      ;
; Quartus II 64-Bit Version          ; 13.1.0 Build 162 10/23/2013 SJ Web Edition ;
; Revision Name                      ; de2_115_top                                ;
; Top-level Entity Name              ; board_top                                  ;
; Family                             ; Cyclone IV E                               ;
; Total logic elements               ; 3,811                                      ;
;     Total combinational functions  ; 1,733                                      ;
;     Dedicated logic registers      ; 2,144                                      ;
; Total registers                    ; 2144                                       ;
; Total pins                         ; 67                                         ;
; Total virtual pins                 ; 0                                          ;
; Total memory bits                  ; 0                                          ;
; Embedded Multiplier 9-bit elements ; 0                                          ;
; Total PLLs                         ; 0                                          ;
+------------------------------------+--------------------------------------------+


+----------------------------------------------------------------------------------------------------------------------+
; Analysis & Synthesis Settings                                                                                        ;
+----------------------------------------------------------------------------+--------------------+--------------------+
; Option                                                                     ; Setting            ; Default Value      ;
+----------------------------------------------------------------------------+--------------------+--------------------+
; Device                                                                     ; EP4CE115F29C7      ;                    ;
; Top-level entity name                                                      ; board_top          ; de2_115_top        ;
; Family name                                                                ; Cyclone IV E       ; Cyclone IV GX      ;
; Use smart compilation                                                      ; Off                ; Off                ;
; Enable parallel Assembler and TimeQuest Timing Analyzer during compilation ; On                 ; On                 ;
; Enable compact report table                                                ; Off                ; Off                ;
; Restructure Multiplexers                                                   ; Auto               ; Auto               ;
; Create Debugging Nodes for IP Cores                                        ; Off                ; Off                ;
; Preserve fewer node names                                                  ; On                 ; On                 ;
; Disable OpenCore Plus hardware evaluation                                  ; Off                ; Off                ;
; Verilog Version                                                            ; Verilog_2001       ; Verilog_2001       ;
; VHDL Version                                                               ; VHDL_1993          ; VHDL_1993          ;
; State Machine Processing                                                   ; Auto               ; Auto               ;
; Safe State Machine                                                         ; Off                ; Off                ;
; Extract Verilog State Machines                                             ; On                 ; On                 ;
; Extract VHDL State Machines                                                ; On                 ; On                 ;
; Ignore Verilog initial constructs                                          ; Off                ; Off                ;
; Iteration limit for constant Verilog loops                                 ; 5000               ; 5000               ;
; Iteration limit for non-constant Verilog loops                             ; 250                ; 250                ;
; Add Pass-Through Logic to Inferred RAMs                                    ; On                 ; On                 ;
; Infer RAMs from Raw Logic                                                  ; On                 ; On                 ;
; Parallel Synthesis                                                         ; On                 ; On                 ;
; DSP Block Balancing                                                        ; Auto               ; Auto               ;
; NOT Gate Push-Back                                                         ; On                 ; On                 ;
; Power-Up Don't Care                                                        ; On                 ; On                 ;
; Remove Redundant Logic Cells                                               ; Off                ; Off                ;
; Remove Duplicate Registers                                                 ; On                 ; On                 ;
; Ignore CARRY Buffers                                                       ; Off                ; Off                ;
; Ignore CASCADE Buffers                                                     ; Off                ; Off                ;
; Ignore GLOBAL Buffers                                                      ; Off                ; Off                ;
; Ignore ROW GLOBAL Buffers                                                  ; Off                ; Off                ;
; Ignore LCELL Buffers                                                       ; Off                ; Off                ;
; Ignore SOFT Buffers                                                        ; On                 ; On                 ;
; Limit AHDL Integers to 32 Bits                                             ; Off                ; Off                ;
; Optimization Technique                                                     ; Balanced           ; Balanced           ;
; Carry Chain Length                                                         ; 70                 ; 70                 ;
; Auto Carry Chains                                                          ; On                 ; On                 ;
; Auto Open-Drain Pins                                                       ; On                 ; On                 ;
; Perform WYSIWYG Primitive Resynthesis                                      ; Off                ; Off                ;
; Auto ROM Replacement                                                       ; On                 ; On                 ;
; Auto RAM Replacement                                                       ; On                 ; On                 ;
; Auto DSP Block Replacement                                                 ; On                 ; On                 ;
; Auto Shift Register Replacement                                            ; Auto               ; Auto               ;
; Allow Shift Register Merging across Hierarchies                            ; Auto               ; Auto               ;
; Auto Clock Enable Replacement                                              ; On                 ; On                 ;
; Strict RAM Replacement                                                     ; Off                ; Off                ;
; Allow Synchronous Control Signals                                          ; On                 ; On                 ;
; Force Use of Synchronous Clear Signals                                     ; Off                ; Off                ;
; Auto RAM Block Balancing                                                   ; On                 ; On                 ;
; Auto RAM to Logic Cell Conversion                                          ; Off                ; Off                ;
; Auto Resource Sharing                                                      ; Off                ; Off                ;
; Allow Any RAM Size For Recognition                                         ; Off                ; Off                ;
; Allow Any ROM Size For Recognition                                         ; Off                ; Off                ;
; Allow Any Shift Register Size For Recognition                              ; Off                ; Off                ;
; Use LogicLock Constraints during Resource Balancing                        ; On                 ; On                 ;
; Ignore translate_off and synthesis_off directives                          ; Off                ; Off                ;
; Timing-Driven Synthesis                                                    ; On                 ; On                 ;
; Report Parameter Settings                                                  ; On                 ; On                 ;
; Report Source Assignments                                                  ; On                 ; On                 ;
; Report Connectivity Checks                                                 ; On                 ; On                 ;
; Ignore Maximum Fan-Out Assignments                                         ; Off                ; Off                ;
; Synchronization Register Chain Length                                      ; 2                  ; 2                  ;
; PowerPlay Power Optimization                                               ; Normal compilation ; Normal compilation ;
; HDL message level                                                          ; Level2             ; Level2             ;
; Suppress Register Optimization Related Messages                            ; Off                ; Off                ;
; Number of Removed Registers Reported in Synthesis Report                   ; 5000               ; 5000               ;
; Number of Swept Nodes Reported in Synthesis Report                         ; 5000               ; 5000               ;
; Number of Inverted Registers Reported in Synthesis Report                  ; 100                ; 100                ;
; Clock MUX Protection                                                       ; On                 ; On                 ;
; Auto Gated Clock Conversion                                                ; Off                ; Off                ;
; Block Design Naming                                                        ; Auto               ; Auto               ;
; SDC constraint protection                                                  ; Off                ; Off                ;
; Synthesis Effort                                                           ; Auto               ; Auto               ;
; Shift Register Replacement - Allow Asynchronous Clear Signal               ; On                 ; On                 ;
; Pre-Mapping Resynthesis Optimization                                       ; Off                ; Off                ;
; Analysis & Synthesis Message Level                                         ; Medium             ; Medium             ;
; Disable Register Merging Across Hierarchies                                ; Auto               ; Auto               ;
; Resource Aware Inference For Block RAM                                     ; On                 ; On                 ;
; Synthesis Seed                                                             ; 1                  ; 1                  ;
+----------------------------------------------------------------------------+--------------------+--------------------+


Parallel compilation was disabled, but you have multiple processors available. Enable parallel compilation to reduce compilation time.
+-------------------------------------+
; Parallel Compilation                ;
+----------------------------+--------+
; Processors                 ; Number ;
+----------------------------+--------+
; Number detected on machine ; 8      ;
; Maximum allowed            ; 1      ;
+----------------------------+--------+


+----------------------------------------------------------------------------------------------------------------------------------------------------------------------+
; Analysis & Synthesis Source Files Read                                                                                                                               ;
+----------------------------------+-----------------+------------------------------+------------------------------------------------------------------------+---------+
; File Name with User-Entered Path ; Used in Netlist ; File Type                    ; File Name with Absolute Path                                           ; Library ;
+----------------------------------+-----------------+------------------------------+------------------------------------------------------------------------+---------+
; testbench.sv                     ; yes             ; User SystemVerilog HDL File  ; C:/Users/Andr9/Desktop/schoolmips/schoolarm/board/de2-115/testbench.sv ;         ;
; sm_top.sv                        ; yes             ; User SystemVerilog HDL File  ; C:/Users/Andr9/Desktop/schoolmips/schoolarm/board/de2-115/sm_top.sv    ;         ;
; board_top.sv                     ; yes             ; User SystemVerilog HDL File  ; C:/Users/Andr9/Desktop/schoolmips/schoolarm/board/de2-115/board_top.sv ;         ;
; memfile.dat                      ; yes             ; Auto-Found Unspecified File  ; C:/Users/Andr9/Desktop/schoolmips/schoolarm/board/de2-115/memfile.dat  ;         ;
+----------------------------------+-----------------+------------------------------+------------------------------------------------------------------------+---------+


+---------------------------------------------------------+
; Analysis & Synthesis Resource Usage Summary             ;
+---------------------------------------------+-----------+
; Resource                                    ; Usage     ;
+---------------------------------------------+-----------+
; Estimated Total logic elements              ; 3,811     ;
;                                             ;           ;
; Total combinational functions               ; 1733      ;
; Logic element usage by number of LUT inputs ;           ;
;     -- 4 input functions                    ; 1580      ;
;     -- 3 input functions                    ; 76        ;
;     -- <=2 input functions                  ; 77        ;
;                                             ;           ;
; Logic elements by mode                      ;           ;
;     -- normal mode                          ; 1643      ;
;     -- arithmetic mode                      ; 90        ;
;                                             ;           ;
; Total registers                             ; 2144      ;
;     -- Dedicated logic registers            ; 2144      ;
;     -- I/O registers                        ; 0         ;
;                                             ;           ;
; I/O pins                                    ; 67        ;
; Embedded Multiplier 9-bit elements          ; 0         ;
; Maximum fan-out node                        ; clk~input ;
; Maximum fan-out                             ; 2144      ;
; Total fan-out                               ; 13328     ;
; Average fan-out                             ; 3.32      ;
+---------------------------------------------+-----------+


+--------------------------------------------------------------------------------------------------------------------------------------------------------------------------------------------------------------------------------------+
; Analysis & Synthesis Resource Utilization by Entity                                                                                                                                                                                  ;
+-----------------------------------+-------------------+--------------+-------------+--------------+---------+-----------+------+--------------+-----------------------------------------------------------------------+--------------+
; Compilation Hierarchy Node        ; LC Combinationals ; LC Registers ; Memory Bits ; DSP Elements ; DSP 9x9 ; DSP 18x18 ; Pins ; Virtual Pins ; Full Hierarchy Name                                                   ; Library Name ;
+-----------------------------------+-------------------+--------------+-------------+--------------+---------+-----------+------+--------------+-----------------------------------------------------------------------+--------------+
; |board_top                        ; 1733 (0)          ; 2144 (0)     ; 0           ; 0            ; 0       ; 0         ; 67   ; 0            ; |board_top                                                            ; work         ;
;    |top:top|                      ; 1733 (0)          ; 2144 (0)     ; 0           ; 0            ; 0       ; 0         ; 0    ; 0            ; |board_top|top:top                                                    ; work         ;
;       |arm:arm|                   ; 306 (0)           ; 96 (0)       ; 0           ; 0            ; 0       ; 0         ; 0    ; 0            ; |board_top|top:top|arm:arm                                            ; work         ;
;          |controller:c|           ; 7 (0)             ; 2 (0)        ; 0           ; 0            ; 0       ; 0         ; 0    ; 0            ; |board_top|top:top|arm:arm|controller:c                               ; work         ;
;             |condlogic:cl|        ; 5 (4)             ; 2 (0)        ; 0           ; 0            ; 0       ; 0         ; 0    ; 0            ; |board_top|top:top|arm:arm|controller:c|condlogic:cl                  ; work         ;
;                |condcheck:cc|     ; 1 (1)             ; 0 (0)        ; 0           ; 0            ; 0       ; 0         ; 0    ; 0            ; |board_top|top:top|arm:arm|controller:c|condlogic:cl|condcheck:cc     ; work         ;
;                |flopenr:flagreg1| ; 0 (0)             ; 2 (2)        ; 0           ; 0            ; 0       ; 0         ; 0    ; 0            ; |board_top|top:top|arm:arm|controller:c|condlogic:cl|flopenr:flagreg1 ; work         ;
;             |decoder:dec|         ; 2 (2)             ; 0 (0)        ; 0           ; 0            ; 0       ; 0         ; 0    ; 0            ; |board_top|top:top|arm:arm|controller:c|decoder:dec                   ; work         ;
;          |datapath:dp|            ; 299 (0)           ; 94 (0)       ; 0           ; 0            ; 0       ; 0         ; 0    ; 0            ; |board_top|top:top|arm:arm|datapath:dp                                ; work         ;
;             |adder:pcadd1|        ; 30 (30)           ; 0 (0)        ; 0           ; 0            ; 0       ; 0         ; 0    ; 0            ; |board_top|top:top|arm:arm|datapath:dp|adder:pcadd1                   ; work         ;
;             |adder:pcadd2|        ; 58 (58)           ; 0 (0)        ; 0           ; 0            ; 0       ; 0         ; 0    ; 0            ; |board_top|top:top|arm:arm|datapath:dp|adder:pcadd2                   ; work         ;
;             |alu:alu|             ; 111 (111)         ; 0 (0)        ; 0           ; 0            ; 0       ; 0         ; 0    ; 0            ; |board_top|top:top|arm:arm|datapath:dp|alu:alu                        ; work         ;
;             |flopr:pcreg|         ; 34 (34)           ; 32 (32)      ; 0           ; 0            ; 0       ; 0         ; 0    ; 0            ; |board_top|top:top|arm:arm|datapath:dp|flopr:pcreg                    ; work         ;
;             |mux2:resmux|         ; 2 (2)             ; 0 (0)        ; 0           ; 0            ; 0       ; 0         ; 0    ; 0            ; |board_top|top:top|arm:arm|datapath:dp|mux2:resmux                    ; work         ;
;             |regfile:rf|          ; 64 (64)           ; 62 (62)      ; 0           ; 0            ; 0       ; 0         ; 0    ; 0            ; |board_top|top:top|arm:arm|datapath:dp|regfile:rf                     ; work         ;
;       |dmem:dmem|                 ; 1421 (1421)       ; 2048 (2048)  ; 0           ; 0            ; 0       ; 0         ; 0    ; 0            ; |board_top|top:top|dmem:dmem                                          ; work         ;
;       |imem:imem|                 ; 6 (6)             ; 0 (0)        ; 0           ; 0            ; 0       ; 0         ; 0    ; 0            ; |board_top|top:top|imem:imem                                          ; work         ;
+-----------------------------------+-------------------+--------------+-------------+--------------+---------+-----------+------+--------------+-----------------------------------------------------------------------+--------------+
Note: For table entries with two numbers listed, the numbers in parentheses indicate the number of resources of the given type used by the specific entity alone. The numbers listed outside of parentheses indicate the total resources of the given type used by the specific entity and all of its sub-entities in the hierarchy.


+-----------------------------------------------------------------------------------------------------------------+
; Registers Removed During Synthesis                                                                              ;
+-------------------------------------------------------------------+---------------------------------------------+
; Register name                                                     ; Reason for Removal                          ;
+-------------------------------------------------------------------+---------------------------------------------+
; top:top|arm:arm|controller:c|condlogic:cl|flopenr:flagreg0|q[0,1] ; Lost fanout                                 ;
; top:top|arm:arm|datapath:dp|regfile:rf|rf~64                      ; Stuck at GND due to stuck port data_in      ;
; top:top|arm:arm|datapath:dp|regfile:rf|rf~96                      ; Stuck at GND due to stuck port data_in      ;
; top:top|arm:arm|datapath:dp|regfile:rf|rf~192                     ; Stuck at GND due to stuck port data_in      ;
; top:top|arm:arm|datapath:dp|regfile:rf|rf~224                     ; Stuck at GND due to stuck port data_in      ;
; top:top|arm:arm|datapath:dp|regfile:rf|rf~128                     ; Stuck at GND due to stuck port data_in      ;
; top:top|arm:arm|datapath:dp|regfile:rf|rf~160                     ; Stuck at GND due to stuck port data_in      ;
; top:top|arm:arm|datapath:dp|regfile:rf|rf~320                     ; Stuck at GND due to stuck port data_in      ;
; top:top|arm:arm|datapath:dp|regfile:rf|rf~352                     ; Stuck at GND due to stuck port data_in      ;
; top:top|arm:arm|datapath:dp|regfile:rf|rf~448                     ; Stuck at GND due to stuck port data_in      ;
; top:top|arm:arm|datapath:dp|regfile:rf|rf~384                     ; Stuck at GND due to stuck port data_in      ;
; top:top|arm:arm|datapath:dp|regfile:rf|rf~416                     ; Stuck at GND due to stuck port data_in      ;
; top:top|arm:arm|datapath:dp|regfile:rf|rf~65                      ; Stuck at GND due to stuck port data_in      ;
; top:top|arm:arm|datapath:dp|regfile:rf|rf~97                      ; Stuck at GND due to stuck port data_in      ;
; top:top|arm:arm|datapath:dp|regfile:rf|rf~193                     ; Stuck at GND due to stuck port data_in      ;
; top:top|arm:arm|datapath:dp|regfile:rf|rf~225                     ; Stuck at GND due to stuck port data_in      ;
; top:top|arm:arm|datapath:dp|regfile:rf|rf~129                     ; Stuck at GND due to stuck port data_in      ;
; top:top|arm:arm|datapath:dp|regfile:rf|rf~161                     ; Stuck at GND due to stuck port data_in      ;
; top:top|arm:arm|datapath:dp|regfile:rf|rf~321                     ; Stuck at GND due to stuck port data_in      ;
; top:top|arm:arm|datapath:dp|regfile:rf|rf~353                     ; Stuck at GND due to stuck port data_in      ;
; top:top|arm:arm|datapath:dp|regfile:rf|rf~449                     ; Stuck at GND due to stuck port data_in      ;
; top:top|arm:arm|datapath:dp|regfile:rf|rf~385                     ; Stuck at GND due to stuck port data_in      ;
; top:top|arm:arm|datapath:dp|regfile:rf|rf~417                     ; Stuck at GND due to stuck port data_in      ;
; top:top|arm:arm|datapath:dp|regfile:rf|rf~66                      ; Stuck at GND due to stuck port data_in      ;
; top:top|arm:arm|datapath:dp|regfile:rf|rf~98                      ; Stuck at GND due to stuck port data_in      ;
; top:top|arm:arm|datapath:dp|regfile:rf|rf~194                     ; Stuck at GND due to stuck port data_in      ;
; top:top|arm:arm|datapath:dp|regfile:rf|rf~226                     ; Stuck at GND due to stuck port data_in      ;
; top:top|arm:arm|datapath:dp|regfile:rf|rf~130                     ; Stuck at GND due to stuck port data_in      ;
; top:top|arm:arm|datapath:dp|regfile:rf|rf~162                     ; Stuck at GND due to stuck port data_in      ;
; top:top|arm:arm|datapath:dp|regfile:rf|rf~322                     ; Stuck at GND due to stuck port data_in      ;
; top:top|arm:arm|datapath:dp|regfile:rf|rf~354                     ; Stuck at GND due to stuck port data_in      ;
; top:top|arm:arm|datapath:dp|regfile:rf|rf~450                     ; Stuck at GND due to stuck port data_in      ;
; top:top|arm:arm|datapath:dp|regfile:rf|rf~386                     ; Stuck at GND due to stuck port data_in      ;
; top:top|arm:arm|datapath:dp|regfile:rf|rf~418                     ; Stuck at GND due to stuck port data_in      ;
; top:top|arm:arm|datapath:dp|regfile:rf|rf~67                      ; Stuck at GND due to stuck port data_in      ;
; top:top|arm:arm|datapath:dp|regfile:rf|rf~99                      ; Stuck at GND due to stuck port data_in      ;
; top:top|arm:arm|datapath:dp|regfile:rf|rf~195                     ; Stuck at GND due to stuck port data_in      ;
; top:top|arm:arm|datapath:dp|regfile:rf|rf~227                     ; Stuck at GND due to stuck port data_in      ;
; top:top|arm:arm|datapath:dp|regfile:rf|rf~131                     ; Stuck at GND due to stuck port data_in      ;
; top:top|arm:arm|datapath:dp|regfile:rf|rf~163                     ; Stuck at GND due to stuck port data_in      ;
; top:top|arm:arm|datapath:dp|regfile:rf|rf~323                     ; Stuck at GND due to stuck port data_in      ;
; top:top|arm:arm|datapath:dp|regfile:rf|rf~355                     ; Stuck at GND due to stuck port data_in      ;
; top:top|arm:arm|datapath:dp|regfile:rf|rf~451                     ; Stuck at GND due to stuck port data_in      ;
; top:top|arm:arm|datapath:dp|regfile:rf|rf~387                     ; Stuck at GND due to stuck port data_in      ;
; top:top|arm:arm|datapath:dp|regfile:rf|rf~419                     ; Stuck at GND due to stuck port data_in      ;
; top:top|arm:arm|datapath:dp|regfile:rf|rf~68                      ; Stuck at GND due to stuck port data_in      ;
; top:top|arm:arm|datapath:dp|regfile:rf|rf~100                     ; Stuck at GND due to stuck port data_in      ;
; top:top|arm:arm|datapath:dp|regfile:rf|rf~196                     ; Stuck at GND due to stuck port data_in      ;
; top:top|arm:arm|datapath:dp|regfile:rf|rf~228                     ; Stuck at GND due to stuck port data_in      ;
; top:top|arm:arm|datapath:dp|regfile:rf|rf~132                     ; Stuck at GND due to stuck port data_in      ;
; top:top|arm:arm|datapath:dp|regfile:rf|rf~164                     ; Stuck at GND due to stuck port data_in      ;
; top:top|arm:arm|datapath:dp|regfile:rf|rf~324                     ; Stuck at GND due to stuck port data_in      ;
; top:top|arm:arm|datapath:dp|regfile:rf|rf~356                     ; Stuck at GND due to stuck port data_in      ;
; top:top|arm:arm|datapath:dp|regfile:rf|rf~452                     ; Stuck at GND due to stuck port data_in      ;
; top:top|arm:arm|datapath:dp|regfile:rf|rf~388                     ; Stuck at GND due to stuck port data_in      ;
; top:top|arm:arm|datapath:dp|regfile:rf|rf~420                     ; Stuck at GND due to stuck port data_in      ;
; top:top|arm:arm|datapath:dp|regfile:rf|rf~69                      ; Stuck at GND due to stuck port data_in      ;
; top:top|arm:arm|datapath:dp|regfile:rf|rf~101                     ; Stuck at GND due to stuck port data_in      ;
; top:top|arm:arm|datapath:dp|regfile:rf|rf~197                     ; Stuck at GND due to stuck port data_in      ;
; top:top|arm:arm|datapath:dp|regfile:rf|rf~229                     ; Stuck at GND due to stuck port data_in      ;
; top:top|arm:arm|datapath:dp|regfile:rf|rf~133                     ; Stuck at GND due to stuck port data_in      ;
; top:top|arm:arm|datapath:dp|regfile:rf|rf~165                     ; Stuck at GND due to stuck port data_in      ;
; top:top|arm:arm|datapath:dp|regfile:rf|rf~325                     ; Stuck at GND due to stuck port data_in      ;
; top:top|arm:arm|datapath:dp|regfile:rf|rf~357                     ; Stuck at GND due to stuck port data_in      ;
; top:top|arm:arm|datapath:dp|regfile:rf|rf~453                     ; Stuck at GND due to stuck port data_in      ;
; top:top|arm:arm|datapath:dp|regfile:rf|rf~389                     ; Stuck at GND due to stuck port data_in      ;
; top:top|arm:arm|datapath:dp|regfile:rf|rf~421                     ; Stuck at GND due to stuck port data_in      ;
; top:top|arm:arm|datapath:dp|regfile:rf|rf~70                      ; Stuck at GND due to stuck port data_in      ;
; top:top|arm:arm|datapath:dp|regfile:rf|rf~102                     ; Stuck at GND due to stuck port data_in      ;
; top:top|arm:arm|datapath:dp|regfile:rf|rf~198                     ; Stuck at GND due to stuck port data_in      ;
; top:top|arm:arm|datapath:dp|regfile:rf|rf~230                     ; Stuck at GND due to stuck port data_in      ;
; top:top|arm:arm|datapath:dp|regfile:rf|rf~134                     ; Stuck at GND due to stuck port data_in      ;
; top:top|arm:arm|datapath:dp|regfile:rf|rf~166                     ; Stuck at GND due to stuck port data_in      ;
; top:top|arm:arm|datapath:dp|regfile:rf|rf~326                     ; Stuck at GND due to stuck port data_in      ;
; top:top|arm:arm|datapath:dp|regfile:rf|rf~358                     ; Stuck at GND due to stuck port data_in      ;
; top:top|arm:arm|datapath:dp|regfile:rf|rf~454                     ; Stuck at GND due to stuck port data_in      ;
; top:top|arm:arm|datapath:dp|regfile:rf|rf~390                     ; Stuck at GND due to stuck port data_in      ;
; top:top|arm:arm|datapath:dp|regfile:rf|rf~422                     ; Stuck at GND due to stuck port data_in      ;
; top:top|arm:arm|datapath:dp|regfile:rf|rf~71                      ; Stuck at GND due to stuck port data_in      ;
; top:top|arm:arm|datapath:dp|regfile:rf|rf~103                     ; Stuck at GND due to stuck port data_in      ;
; top:top|arm:arm|datapath:dp|regfile:rf|rf~199                     ; Stuck at GND due to stuck port data_in      ;
; top:top|arm:arm|datapath:dp|regfile:rf|rf~231                     ; Stuck at GND due to stuck port data_in      ;
; top:top|arm:arm|datapath:dp|regfile:rf|rf~135                     ; Stuck at GND due to stuck port data_in      ;
; top:top|arm:arm|datapath:dp|regfile:rf|rf~167                     ; Stuck at GND due to stuck port data_in      ;
; top:top|arm:arm|datapath:dp|regfile:rf|rf~327                     ; Stuck at GND due to stuck port data_in      ;
; top:top|arm:arm|datapath:dp|regfile:rf|rf~359                     ; Stuck at GND due to stuck port data_in      ;
; top:top|arm:arm|datapath:dp|regfile:rf|rf~455                     ; Stuck at GND due to stuck port data_in      ;
; top:top|arm:arm|datapath:dp|regfile:rf|rf~391                     ; Stuck at GND due to stuck port data_in      ;
; top:top|arm:arm|datapath:dp|regfile:rf|rf~423                     ; Stuck at GND due to stuck port data_in      ;
; top:top|arm:arm|datapath:dp|regfile:rf|rf~72                      ; Stuck at GND due to stuck port data_in      ;
; top:top|arm:arm|datapath:dp|regfile:rf|rf~104                     ; Stuck at GND due to stuck port data_in      ;
; top:top|arm:arm|datapath:dp|regfile:rf|rf~200                     ; Stuck at GND due to stuck port data_in      ;
; top:top|arm:arm|datapath:dp|regfile:rf|rf~232                     ; Stuck at GND due to stuck port data_in      ;
; top:top|arm:arm|datapath:dp|regfile:rf|rf~136                     ; Stuck at GND due to stuck port data_in      ;
; top:top|arm:arm|datapath:dp|regfile:rf|rf~168                     ; Stuck at GND due to stuck port data_in      ;
; top:top|arm:arm|datapath:dp|regfile:rf|rf~328                     ; Stuck at GND due to stuck port data_in      ;
; top:top|arm:arm|datapath:dp|regfile:rf|rf~360                     ; Stuck at GND due to stuck port data_in      ;
; top:top|arm:arm|datapath:dp|regfile:rf|rf~456                     ; Stuck at GND due to stuck port data_in      ;
; top:top|arm:arm|datapath:dp|regfile:rf|rf~392                     ; Stuck at GND due to stuck port data_in      ;
; top:top|arm:arm|datapath:dp|regfile:rf|rf~424                     ; Stuck at GND due to stuck port data_in      ;
; top:top|arm:arm|datapath:dp|regfile:rf|rf~73                      ; Stuck at GND due to stuck port data_in      ;
; top:top|arm:arm|datapath:dp|regfile:rf|rf~105                     ; Stuck at GND due to stuck port data_in      ;
; top:top|arm:arm|datapath:dp|regfile:rf|rf~201                     ; Stuck at GND due to stuck port data_in      ;
; top:top|arm:arm|datapath:dp|regfile:rf|rf~233                     ; Stuck at GND due to stuck port data_in      ;
; top:top|arm:arm|datapath:dp|regfile:rf|rf~137                     ; Stuck at GND due to stuck port data_in      ;
; top:top|arm:arm|datapath:dp|regfile:rf|rf~169                     ; Stuck at GND due to stuck port data_in      ;
; top:top|arm:arm|datapath:dp|regfile:rf|rf~329                     ; Stuck at GND due to stuck port data_in      ;
; top:top|arm:arm|datapath:dp|regfile:rf|rf~361                     ; Stuck at GND due to stuck port data_in      ;
; top:top|arm:arm|datapath:dp|regfile:rf|rf~457                     ; Stuck at GND due to stuck port data_in      ;
; top:top|arm:arm|datapath:dp|regfile:rf|rf~393                     ; Stuck at GND due to stuck port data_in      ;
; top:top|arm:arm|datapath:dp|regfile:rf|rf~425                     ; Stuck at GND due to stuck port data_in      ;
; top:top|arm:arm|datapath:dp|regfile:rf|rf~74                      ; Stuck at GND due to stuck port data_in      ;
; top:top|arm:arm|datapath:dp|regfile:rf|rf~106                     ; Stuck at GND due to stuck port data_in      ;
; top:top|arm:arm|datapath:dp|regfile:rf|rf~202                     ; Stuck at GND due to stuck port data_in      ;
; top:top|arm:arm|datapath:dp|regfile:rf|rf~234                     ; Stuck at GND due to stuck port data_in      ;
; top:top|arm:arm|datapath:dp|regfile:rf|rf~138                     ; Stuck at GND due to stuck port data_in      ;
; top:top|arm:arm|datapath:dp|regfile:rf|rf~170                     ; Stuck at GND due to stuck port data_in      ;
; top:top|arm:arm|datapath:dp|regfile:rf|rf~330                     ; Stuck at GND due to stuck port data_in      ;
; top:top|arm:arm|datapath:dp|regfile:rf|rf~362                     ; Stuck at GND due to stuck port data_in      ;
; top:top|arm:arm|datapath:dp|regfile:rf|rf~458                     ; Stuck at GND due to stuck port data_in      ;
; top:top|arm:arm|datapath:dp|regfile:rf|rf~394                     ; Stuck at GND due to stuck port data_in      ;
; top:top|arm:arm|datapath:dp|regfile:rf|rf~426                     ; Stuck at GND due to stuck port data_in      ;
; top:top|arm:arm|datapath:dp|regfile:rf|rf~75                      ; Stuck at GND due to stuck port data_in      ;
; top:top|arm:arm|datapath:dp|regfile:rf|rf~107                     ; Stuck at GND due to stuck port data_in      ;
; top:top|arm:arm|datapath:dp|regfile:rf|rf~203                     ; Stuck at GND due to stuck port data_in      ;
; top:top|arm:arm|datapath:dp|regfile:rf|rf~235                     ; Stuck at GND due to stuck port data_in      ;
; top:top|arm:arm|datapath:dp|regfile:rf|rf~139                     ; Stuck at GND due to stuck port data_in      ;
; top:top|arm:arm|datapath:dp|regfile:rf|rf~171                     ; Stuck at GND due to stuck port data_in      ;
; top:top|arm:arm|datapath:dp|regfile:rf|rf~331                     ; Stuck at GND due to stuck port data_in      ;
; top:top|arm:arm|datapath:dp|regfile:rf|rf~363                     ; Stuck at GND due to stuck port data_in      ;
; top:top|arm:arm|datapath:dp|regfile:rf|rf~459                     ; Stuck at GND due to stuck port data_in      ;
; top:top|arm:arm|datapath:dp|regfile:rf|rf~395                     ; Stuck at GND due to stuck port data_in      ;
; top:top|arm:arm|datapath:dp|regfile:rf|rf~427                     ; Stuck at GND due to stuck port data_in      ;
; top:top|arm:arm|datapath:dp|regfile:rf|rf~76                      ; Stuck at GND due to stuck port data_in      ;
; top:top|arm:arm|datapath:dp|regfile:rf|rf~108                     ; Stuck at GND due to stuck port data_in      ;
; top:top|arm:arm|datapath:dp|regfile:rf|rf~204                     ; Stuck at GND due to stuck port data_in      ;
; top:top|arm:arm|datapath:dp|regfile:rf|rf~236                     ; Stuck at GND due to stuck port data_in      ;
; top:top|arm:arm|datapath:dp|regfile:rf|rf~140                     ; Stuck at GND due to stuck port data_in      ;
; top:top|arm:arm|datapath:dp|regfile:rf|rf~172                     ; Stuck at GND due to stuck port data_in      ;
; top:top|arm:arm|datapath:dp|regfile:rf|rf~332                     ; Stuck at GND due to stuck port data_in      ;
; top:top|arm:arm|datapath:dp|regfile:rf|rf~364                     ; Stuck at GND due to stuck port data_in      ;
; top:top|arm:arm|datapath:dp|regfile:rf|rf~460                     ; Stuck at GND due to stuck port data_in      ;
; top:top|arm:arm|datapath:dp|regfile:rf|rf~396                     ; Stuck at GND due to stuck port data_in      ;
; top:top|arm:arm|datapath:dp|regfile:rf|rf~428                     ; Stuck at GND due to stuck port data_in      ;
; top:top|arm:arm|datapath:dp|regfile:rf|rf~77                      ; Stuck at GND due to stuck port data_in      ;
; top:top|arm:arm|datapath:dp|regfile:rf|rf~109                     ; Stuck at GND due to stuck port data_in      ;
; top:top|arm:arm|datapath:dp|regfile:rf|rf~205                     ; Stuck at GND due to stuck port data_in      ;
; top:top|arm:arm|datapath:dp|regfile:rf|rf~237                     ; Stuck at GND due to stuck port data_in      ;
; top:top|arm:arm|datapath:dp|regfile:rf|rf~141                     ; Stuck at GND due to stuck port data_in      ;
; top:top|arm:arm|datapath:dp|regfile:rf|rf~173                     ; Stuck at GND due to stuck port data_in      ;
; top:top|arm:arm|datapath:dp|regfile:rf|rf~333                     ; Stuck at GND due to stuck port data_in      ;
; top:top|arm:arm|datapath:dp|regfile:rf|rf~365                     ; Stuck at GND due to stuck port data_in      ;
; top:top|arm:arm|datapath:dp|regfile:rf|rf~461                     ; Stuck at GND due to stuck port data_in      ;
; top:top|arm:arm|datapath:dp|regfile:rf|rf~397                     ; Stuck at GND due to stuck port data_in      ;
; top:top|arm:arm|datapath:dp|regfile:rf|rf~429                     ; Stuck at GND due to stuck port data_in      ;
; top:top|arm:arm|datapath:dp|regfile:rf|rf~78                      ; Stuck at GND due to stuck port data_in      ;
; top:top|arm:arm|datapath:dp|regfile:rf|rf~110                     ; Stuck at GND due to stuck port data_in      ;
; top:top|arm:arm|datapath:dp|regfile:rf|rf~206                     ; Stuck at GND due to stuck port data_in      ;
; top:top|arm:arm|datapath:dp|regfile:rf|rf~238                     ; Stuck at GND due to stuck port data_in      ;
; top:top|arm:arm|datapath:dp|regfile:rf|rf~142                     ; Stuck at GND due to stuck port data_in      ;
; top:top|arm:arm|datapath:dp|regfile:rf|rf~174                     ; Stuck at GND due to stuck port data_in      ;
; top:top|arm:arm|datapath:dp|regfile:rf|rf~334                     ; Stuck at GND due to stuck port data_in      ;
; top:top|arm:arm|datapath:dp|regfile:rf|rf~366                     ; Stuck at GND due to stuck port data_in      ;
; top:top|arm:arm|datapath:dp|regfile:rf|rf~462                     ; Stuck at GND due to stuck port data_in      ;
; top:top|arm:arm|datapath:dp|regfile:rf|rf~398                     ; Stuck at GND due to stuck port data_in      ;
; top:top|arm:arm|datapath:dp|regfile:rf|rf~430                     ; Stuck at GND due to stuck port data_in      ;
; top:top|arm:arm|datapath:dp|regfile:rf|rf~79                      ; Stuck at GND due to stuck port data_in      ;
; top:top|arm:arm|datapath:dp|regfile:rf|rf~111                     ; Stuck at GND due to stuck port data_in      ;
; top:top|arm:arm|datapath:dp|regfile:rf|rf~207                     ; Stuck at GND due to stuck port data_in      ;
; top:top|arm:arm|datapath:dp|regfile:rf|rf~239                     ; Stuck at GND due to stuck port data_in      ;
; top:top|arm:arm|datapath:dp|regfile:rf|rf~143                     ; Stuck at GND due to stuck port data_in      ;
; top:top|arm:arm|datapath:dp|regfile:rf|rf~175                     ; Stuck at GND due to stuck port data_in      ;
; top:top|arm:arm|datapath:dp|regfile:rf|rf~335                     ; Stuck at GND due to stuck port data_in      ;
; top:top|arm:arm|datapath:dp|regfile:rf|rf~367                     ; Stuck at GND due to stuck port data_in      ;
; top:top|arm:arm|datapath:dp|regfile:rf|rf~463                     ; Stuck at GND due to stuck port data_in      ;
; top:top|arm:arm|datapath:dp|regfile:rf|rf~399                     ; Stuck at GND due to stuck port data_in      ;
; top:top|arm:arm|datapath:dp|regfile:rf|rf~431                     ; Stuck at GND due to stuck port data_in      ;
; top:top|arm:arm|datapath:dp|regfile:rf|rf~80                      ; Stuck at GND due to stuck port data_in      ;
; top:top|arm:arm|datapath:dp|regfile:rf|rf~112                     ; Stuck at GND due to stuck port data_in      ;
; top:top|arm:arm|datapath:dp|regfile:rf|rf~208                     ; Stuck at GND due to stuck port data_in      ;
; top:top|arm:arm|datapath:dp|regfile:rf|rf~240                     ; Stuck at GND due to stuck port data_in      ;
; top:top|arm:arm|datapath:dp|regfile:rf|rf~144                     ; Stuck at GND due to stuck port data_in      ;
; top:top|arm:arm|datapath:dp|regfile:rf|rf~176                     ; Stuck at GND due to stuck port data_in      ;
; top:top|arm:arm|datapath:dp|regfile:rf|rf~336                     ; Stuck at GND due to stuck port data_in      ;
; top:top|arm:arm|datapath:dp|regfile:rf|rf~368                     ; Stuck at GND due to stuck port data_in      ;
; top:top|arm:arm|datapath:dp|regfile:rf|rf~464                     ; Stuck at GND due to stuck port data_in      ;
; top:top|arm:arm|datapath:dp|regfile:rf|rf~400                     ; Stuck at GND due to stuck port data_in      ;
; top:top|arm:arm|datapath:dp|regfile:rf|rf~432                     ; Stuck at GND due to stuck port data_in      ;
; top:top|arm:arm|datapath:dp|regfile:rf|rf~81                      ; Stuck at GND due to stuck port data_in      ;
; top:top|arm:arm|datapath:dp|regfile:rf|rf~113                     ; Stuck at GND due to stuck port data_in      ;
; top:top|arm:arm|datapath:dp|regfile:rf|rf~209                     ; Stuck at GND due to stuck port data_in      ;
; top:top|arm:arm|datapath:dp|regfile:rf|rf~241                     ; Stuck at GND due to stuck port data_in      ;
; top:top|arm:arm|datapath:dp|regfile:rf|rf~145                     ; Stuck at GND due to stuck port data_in      ;
; top:top|arm:arm|datapath:dp|regfile:rf|rf~177                     ; Stuck at GND due to stuck port data_in      ;
; top:top|arm:arm|datapath:dp|regfile:rf|rf~337                     ; Stuck at GND due to stuck port data_in      ;
; top:top|arm:arm|datapath:dp|regfile:rf|rf~369                     ; Stuck at GND due to stuck port data_in      ;
; top:top|arm:arm|datapath:dp|regfile:rf|rf~465                     ; Stuck at GND due to stuck port data_in      ;
; top:top|arm:arm|datapath:dp|regfile:rf|rf~401                     ; Stuck at GND due to stuck port data_in      ;
; top:top|arm:arm|datapath:dp|regfile:rf|rf~433                     ; Stuck at GND due to stuck port data_in      ;
; top:top|arm:arm|datapath:dp|regfile:rf|rf~82                      ; Stuck at GND due to stuck port data_in      ;
; top:top|arm:arm|datapath:dp|regfile:rf|rf~114                     ; Stuck at GND due to stuck port data_in      ;
; top:top|arm:arm|datapath:dp|regfile:rf|rf~210                     ; Stuck at GND due to stuck port data_in      ;
; top:top|arm:arm|datapath:dp|regfile:rf|rf~242                     ; Stuck at GND due to stuck port data_in      ;
; top:top|arm:arm|datapath:dp|regfile:rf|rf~146                     ; Stuck at GND due to stuck port data_in      ;
; top:top|arm:arm|datapath:dp|regfile:rf|rf~178                     ; Stuck at GND due to stuck port data_in      ;
; top:top|arm:arm|datapath:dp|regfile:rf|rf~338                     ; Stuck at GND due to stuck port data_in      ;
; top:top|arm:arm|datapath:dp|regfile:rf|rf~370                     ; Stuck at GND due to stuck port data_in      ;
; top:top|arm:arm|datapath:dp|regfile:rf|rf~466                     ; Stuck at GND due to stuck port data_in      ;
; top:top|arm:arm|datapath:dp|regfile:rf|rf~402                     ; Stuck at GND due to stuck port data_in      ;
; top:top|arm:arm|datapath:dp|regfile:rf|rf~434                     ; Stuck at GND due to stuck port data_in      ;
; top:top|arm:arm|datapath:dp|regfile:rf|rf~83                      ; Stuck at GND due to stuck port data_in      ;
; top:top|arm:arm|datapath:dp|regfile:rf|rf~115                     ; Stuck at GND due to stuck port data_in      ;
; top:top|arm:arm|datapath:dp|regfile:rf|rf~211                     ; Stuck at GND due to stuck port data_in      ;
; top:top|arm:arm|datapath:dp|regfile:rf|rf~243                     ; Stuck at GND due to stuck port data_in      ;
; top:top|arm:arm|datapath:dp|regfile:rf|rf~147                     ; Stuck at GND due to stuck port data_in      ;
; top:top|arm:arm|datapath:dp|regfile:rf|rf~179                     ; Stuck at GND due to stuck port data_in      ;
; top:top|arm:arm|datapath:dp|regfile:rf|rf~339                     ; Stuck at GND due to stuck port data_in      ;
; top:top|arm:arm|datapath:dp|regfile:rf|rf~371                     ; Stuck at GND due to stuck port data_in      ;
; top:top|arm:arm|datapath:dp|regfile:rf|rf~467                     ; Stuck at GND due to stuck port data_in      ;
; top:top|arm:arm|datapath:dp|regfile:rf|rf~403                     ; Stuck at GND due to stuck port data_in      ;
; top:top|arm:arm|datapath:dp|regfile:rf|rf~435                     ; Stuck at GND due to stuck port data_in      ;
; top:top|arm:arm|datapath:dp|regfile:rf|rf~84                      ; Stuck at GND due to stuck port data_in      ;
; top:top|arm:arm|datapath:dp|regfile:rf|rf~116                     ; Stuck at GND due to stuck port data_in      ;
; top:top|arm:arm|datapath:dp|regfile:rf|rf~212                     ; Stuck at GND due to stuck port data_in      ;
; top:top|arm:arm|datapath:dp|regfile:rf|rf~244                     ; Stuck at GND due to stuck port data_in      ;
; top:top|arm:arm|datapath:dp|regfile:rf|rf~148                     ; Stuck at GND due to stuck port data_in      ;
; top:top|arm:arm|datapath:dp|regfile:rf|rf~180                     ; Stuck at GND due to stuck port data_in      ;
; top:top|arm:arm|datapath:dp|regfile:rf|rf~340                     ; Stuck at GND due to stuck port data_in      ;
; top:top|arm:arm|datapath:dp|regfile:rf|rf~372                     ; Stuck at GND due to stuck port data_in      ;
; top:top|arm:arm|datapath:dp|regfile:rf|rf~468                     ; Stuck at GND due to stuck port data_in      ;
; top:top|arm:arm|datapath:dp|regfile:rf|rf~404                     ; Stuck at GND due to stuck port data_in      ;
; top:top|arm:arm|datapath:dp|regfile:rf|rf~436                     ; Stuck at GND due to stuck port data_in      ;
; top:top|arm:arm|datapath:dp|regfile:rf|rf~85                      ; Stuck at GND due to stuck port data_in      ;
; top:top|arm:arm|datapath:dp|regfile:rf|rf~117                     ; Stuck at GND due to stuck port data_in      ;
; top:top|arm:arm|datapath:dp|regfile:rf|rf~213                     ; Stuck at GND due to stuck port data_in      ;
; top:top|arm:arm|datapath:dp|regfile:rf|rf~245                     ; Stuck at GND due to stuck port data_in      ;
; top:top|arm:arm|datapath:dp|regfile:rf|rf~149                     ; Stuck at GND due to stuck port data_in      ;
; top:top|arm:arm|datapath:dp|regfile:rf|rf~181                     ; Stuck at GND due to stuck port data_in      ;
; top:top|arm:arm|datapath:dp|regfile:rf|rf~341                     ; Stuck at GND due to stuck port data_in      ;
; top:top|arm:arm|datapath:dp|regfile:rf|rf~373                     ; Stuck at GND due to stuck port data_in      ;
; top:top|arm:arm|datapath:dp|regfile:rf|rf~469                     ; Stuck at GND due to stuck port data_in      ;
; top:top|arm:arm|datapath:dp|regfile:rf|rf~405                     ; Stuck at GND due to stuck port data_in      ;
; top:top|arm:arm|datapath:dp|regfile:rf|rf~437                     ; Stuck at GND due to stuck port data_in      ;
; top:top|arm:arm|datapath:dp|regfile:rf|rf~86                      ; Stuck at GND due to stuck port data_in      ;
; top:top|arm:arm|datapath:dp|regfile:rf|rf~118                     ; Stuck at GND due to stuck port data_in      ;
; top:top|arm:arm|datapath:dp|regfile:rf|rf~214                     ; Stuck at GND due to stuck port data_in      ;
; top:top|arm:arm|datapath:dp|regfile:rf|rf~246                     ; Stuck at GND due to stuck port data_in      ;
; top:top|arm:arm|datapath:dp|regfile:rf|rf~150                     ; Stuck at GND due to stuck port data_in      ;
; top:top|arm:arm|datapath:dp|regfile:rf|rf~182                     ; Stuck at GND due to stuck port data_in      ;
; top:top|arm:arm|datapath:dp|regfile:rf|rf~342                     ; Stuck at GND due to stuck port data_in      ;
; top:top|arm:arm|datapath:dp|regfile:rf|rf~374                     ; Stuck at GND due to stuck port data_in      ;
; top:top|arm:arm|datapath:dp|regfile:rf|rf~470                     ; Stuck at GND due to stuck port data_in      ;
; top:top|arm:arm|datapath:dp|regfile:rf|rf~406                     ; Stuck at GND due to stuck port data_in      ;
; top:top|arm:arm|datapath:dp|regfile:rf|rf~438                     ; Stuck at GND due to stuck port data_in      ;
; top:top|arm:arm|datapath:dp|regfile:rf|rf~87                      ; Stuck at GND due to stuck port data_in      ;
; top:top|arm:arm|datapath:dp|regfile:rf|rf~119                     ; Stuck at GND due to stuck port data_in      ;
; top:top|arm:arm|datapath:dp|regfile:rf|rf~215                     ; Stuck at GND due to stuck port data_in      ;
; top:top|arm:arm|datapath:dp|regfile:rf|rf~247                     ; Stuck at GND due to stuck port data_in      ;
; top:top|arm:arm|datapath:dp|regfile:rf|rf~151                     ; Stuck at GND due to stuck port data_in      ;
; top:top|arm:arm|datapath:dp|regfile:rf|rf~183                     ; Stuck at GND due to stuck port data_in      ;
; top:top|arm:arm|datapath:dp|regfile:rf|rf~343                     ; Stuck at GND due to stuck port data_in      ;
; top:top|arm:arm|datapath:dp|regfile:rf|rf~375                     ; Stuck at GND due to stuck port data_in      ;
; top:top|arm:arm|datapath:dp|regfile:rf|rf~471                     ; Stuck at GND due to stuck port data_in      ;
; top:top|arm:arm|datapath:dp|regfile:rf|rf~407                     ; Stuck at GND due to stuck port data_in      ;
; top:top|arm:arm|datapath:dp|regfile:rf|rf~439                     ; Stuck at GND due to stuck port data_in      ;
; top:top|arm:arm|datapath:dp|regfile:rf|rf~88                      ; Stuck at GND due to stuck port data_in      ;
; top:top|arm:arm|datapath:dp|regfile:rf|rf~120                     ; Stuck at GND due to stuck port data_in      ;
; top:top|arm:arm|datapath:dp|regfile:rf|rf~216                     ; Stuck at GND due to stuck port data_in      ;
; top:top|arm:arm|datapath:dp|regfile:rf|rf~248                     ; Stuck at GND due to stuck port data_in      ;
; top:top|arm:arm|datapath:dp|regfile:rf|rf~152                     ; Stuck at GND due to stuck port data_in      ;
; top:top|arm:arm|datapath:dp|regfile:rf|rf~184                     ; Stuck at GND due to stuck port data_in      ;
; top:top|arm:arm|datapath:dp|regfile:rf|rf~344                     ; Stuck at GND due to stuck port data_in      ;
; top:top|arm:arm|datapath:dp|regfile:rf|rf~376                     ; Stuck at GND due to stuck port data_in      ;
; top:top|arm:arm|datapath:dp|regfile:rf|rf~472                     ; Stuck at GND due to stuck port data_in      ;
; top:top|arm:arm|datapath:dp|regfile:rf|rf~408                     ; Stuck at GND due to stuck port data_in      ;
; top:top|arm:arm|datapath:dp|regfile:rf|rf~440                     ; Stuck at GND due to stuck port data_in      ;
; top:top|arm:arm|datapath:dp|regfile:rf|rf~89                      ; Stuck at GND due to stuck port data_in      ;
; top:top|arm:arm|datapath:dp|regfile:rf|rf~121                     ; Stuck at GND due to stuck port data_in      ;
; top:top|arm:arm|datapath:dp|regfile:rf|rf~217                     ; Stuck at GND due to stuck port data_in      ;
; top:top|arm:arm|datapath:dp|regfile:rf|rf~249                     ; Stuck at GND due to stuck port data_in      ;
; top:top|arm:arm|datapath:dp|regfile:rf|rf~153                     ; Stuck at GND due to stuck port data_in      ;
; top:top|arm:arm|datapath:dp|regfile:rf|rf~185                     ; Stuck at GND due to stuck port data_in      ;
; top:top|arm:arm|datapath:dp|regfile:rf|rf~345                     ; Stuck at GND due to stuck port data_in      ;
; top:top|arm:arm|datapath:dp|regfile:rf|rf~377                     ; Stuck at GND due to stuck port data_in      ;
; top:top|arm:arm|datapath:dp|regfile:rf|rf~473                     ; Stuck at GND due to stuck port data_in      ;
; top:top|arm:arm|datapath:dp|regfile:rf|rf~409                     ; Stuck at GND due to stuck port data_in      ;
; top:top|arm:arm|datapath:dp|regfile:rf|rf~441                     ; Stuck at GND due to stuck port data_in      ;
; top:top|arm:arm|datapath:dp|regfile:rf|rf~90                      ; Stuck at GND due to stuck port data_in      ;
; top:top|arm:arm|datapath:dp|regfile:rf|rf~122                     ; Stuck at GND due to stuck port data_in      ;
; top:top|arm:arm|datapath:dp|regfile:rf|rf~218                     ; Stuck at GND due to stuck port data_in      ;
; top:top|arm:arm|datapath:dp|regfile:rf|rf~250                     ; Stuck at GND due to stuck port data_in      ;
; top:top|arm:arm|datapath:dp|regfile:rf|rf~154                     ; Stuck at GND due to stuck port data_in      ;
; top:top|arm:arm|datapath:dp|regfile:rf|rf~186                     ; Stuck at GND due to stuck port data_in      ;
; top:top|arm:arm|datapath:dp|regfile:rf|rf~346                     ; Stuck at GND due to stuck port data_in      ;
; top:top|arm:arm|datapath:dp|regfile:rf|rf~378                     ; Stuck at GND due to stuck port data_in      ;
; top:top|arm:arm|datapath:dp|regfile:rf|rf~474                     ; Stuck at GND due to stuck port data_in      ;
; top:top|arm:arm|datapath:dp|regfile:rf|rf~410                     ; Stuck at GND due to stuck port data_in      ;
; top:top|arm:arm|datapath:dp|regfile:rf|rf~442                     ; Stuck at GND due to stuck port data_in      ;
; top:top|arm:arm|datapath:dp|regfile:rf|rf~91                      ; Stuck at GND due to stuck port data_in      ;
; top:top|arm:arm|datapath:dp|regfile:rf|rf~123                     ; Stuck at GND due to stuck port data_in      ;
; top:top|arm:arm|datapath:dp|regfile:rf|rf~219                     ; Stuck at GND due to stuck port data_in      ;
; top:top|arm:arm|datapath:dp|regfile:rf|rf~251                     ; Stuck at GND due to stuck port data_in      ;
; top:top|arm:arm|datapath:dp|regfile:rf|rf~155                     ; Stuck at GND due to stuck port data_in      ;
; top:top|arm:arm|datapath:dp|regfile:rf|rf~187                     ; Stuck at GND due to stuck port data_in      ;
; top:top|arm:arm|datapath:dp|regfile:rf|rf~347                     ; Stuck at GND due to stuck port data_in      ;
; top:top|arm:arm|datapath:dp|regfile:rf|rf~379                     ; Stuck at GND due to stuck port data_in      ;
; top:top|arm:arm|datapath:dp|regfile:rf|rf~475                     ; Stuck at GND due to stuck port data_in      ;
; top:top|arm:arm|datapath:dp|regfile:rf|rf~411                     ; Stuck at GND due to stuck port data_in      ;
; top:top|arm:arm|datapath:dp|regfile:rf|rf~443                     ; Stuck at GND due to stuck port data_in      ;
; top:top|arm:arm|datapath:dp|regfile:rf|rf~92                      ; Stuck at GND due to stuck port data_in      ;
; top:top|arm:arm|datapath:dp|regfile:rf|rf~124                     ; Stuck at GND due to stuck port data_in      ;
; top:top|arm:arm|datapath:dp|regfile:rf|rf~220                     ; Stuck at GND due to stuck port data_in      ;
; top:top|arm:arm|datapath:dp|regfile:rf|rf~252                     ; Stuck at GND due to stuck port data_in      ;
; top:top|arm:arm|datapath:dp|regfile:rf|rf~156                     ; Stuck at GND due to stuck port data_in      ;
; top:top|arm:arm|datapath:dp|regfile:rf|rf~188                     ; Stuck at GND due to stuck port data_in      ;
; top:top|arm:arm|datapath:dp|regfile:rf|rf~348                     ; Stuck at GND due to stuck port data_in      ;
; top:top|arm:arm|datapath:dp|regfile:rf|rf~380                     ; Stuck at GND due to stuck port data_in      ;
; top:top|arm:arm|datapath:dp|regfile:rf|rf~476                     ; Stuck at GND due to stuck port data_in      ;
; top:top|arm:arm|datapath:dp|regfile:rf|rf~412                     ; Stuck at GND due to stuck port data_in      ;
; top:top|arm:arm|datapath:dp|regfile:rf|rf~444                     ; Stuck at GND due to stuck port data_in      ;
; top:top|arm:arm|datapath:dp|regfile:rf|rf~93                      ; Stuck at GND due to stuck port data_in      ;
; top:top|arm:arm|datapath:dp|regfile:rf|rf~125                     ; Stuck at GND due to stuck port data_in      ;
; top:top|arm:arm|datapath:dp|regfile:rf|rf~221                     ; Stuck at GND due to stuck port data_in      ;
; top:top|arm:arm|datapath:dp|regfile:rf|rf~253                     ; Stuck at GND due to stuck port data_in      ;
; top:top|arm:arm|datapath:dp|regfile:rf|rf~157                     ; Stuck at GND due to stuck port data_in      ;
; top:top|arm:arm|datapath:dp|regfile:rf|rf~189                     ; Stuck at GND due to stuck port data_in      ;
; top:top|arm:arm|datapath:dp|regfile:rf|rf~349                     ; Stuck at GND due to stuck port data_in      ;
; top:top|arm:arm|datapath:dp|regfile:rf|rf~381                     ; Stuck at GND due to stuck port data_in      ;
; top:top|arm:arm|datapath:dp|regfile:rf|rf~477                     ; Stuck at GND due to stuck port data_in      ;
; top:top|arm:arm|datapath:dp|regfile:rf|rf~413                     ; Stuck at GND due to stuck port data_in      ;
; top:top|arm:arm|datapath:dp|regfile:rf|rf~445                     ; Stuck at GND due to stuck port data_in      ;
; top:top|arm:arm|datapath:dp|regfile:rf|rf~94                      ; Stuck at GND due to stuck port data_in      ;
; top:top|arm:arm|datapath:dp|regfile:rf|rf~126                     ; Stuck at GND due to stuck port data_in      ;
; top:top|arm:arm|datapath:dp|regfile:rf|rf~222                     ; Stuck at GND due to stuck port data_in      ;
; top:top|arm:arm|datapath:dp|regfile:rf|rf~254                     ; Stuck at GND due to stuck port data_in      ;
; top:top|arm:arm|datapath:dp|regfile:rf|rf~158                     ; Stuck at GND due to stuck port data_in      ;
; top:top|arm:arm|datapath:dp|regfile:rf|rf~190                     ; Stuck at GND due to stuck port data_in      ;
; top:top|arm:arm|datapath:dp|regfile:rf|rf~350                     ; Stuck at GND due to stuck port data_in      ;
; top:top|arm:arm|datapath:dp|regfile:rf|rf~382                     ; Stuck at GND due to stuck port data_in      ;
; top:top|arm:arm|datapath:dp|regfile:rf|rf~478                     ; Stuck at GND due to stuck port data_in      ;
; top:top|arm:arm|datapath:dp|regfile:rf|rf~414                     ; Stuck at GND due to stuck port data_in      ;
; top:top|arm:arm|datapath:dp|regfile:rf|rf~446                     ; Stuck at GND due to stuck port data_in      ;
; top:top|arm:arm|datapath:dp|regfile:rf|rf~95                      ; Stuck at GND due to stuck port data_in      ;
; top:top|arm:arm|datapath:dp|regfile:rf|rf~127                     ; Stuck at GND due to stuck port data_in      ;
; top:top|arm:arm|datapath:dp|regfile:rf|rf~223                     ; Stuck at GND due to stuck port data_in      ;
; top:top|arm:arm|datapath:dp|regfile:rf|rf~255                     ; Stuck at GND due to stuck port data_in      ;
; top:top|arm:arm|datapath:dp|regfile:rf|rf~159                     ; Stuck at GND due to stuck port data_in      ;
; top:top|arm:arm|datapath:dp|regfile:rf|rf~191                     ; Stuck at GND due to stuck port data_in      ;
; top:top|arm:arm|datapath:dp|regfile:rf|rf~351                     ; Stuck at GND due to stuck port data_in      ;
; top:top|arm:arm|datapath:dp|regfile:rf|rf~383                     ; Stuck at GND due to stuck port data_in      ;
; top:top|arm:arm|datapath:dp|regfile:rf|rf~479                     ; Stuck at GND due to stuck port data_in      ;
; top:top|arm:arm|datapath:dp|regfile:rf|rf~415                     ; Stuck at GND due to stuck port data_in      ;
; top:top|arm:arm|datapath:dp|regfile:rf|rf~447                     ; Stuck at GND due to stuck port data_in      ;
; top:top|arm:arm|datapath:dp|regfile:rf|rf~32                      ; Stuck at GND due to stuck port clock_enable ;
; top:top|arm:arm|datapath:dp|regfile:rf|rf~33                      ; Stuck at GND due to stuck port clock_enable ;
; top:top|arm:arm|datapath:dp|regfile:rf|rf~34                      ; Stuck at GND due to stuck port clock_enable ;
; top:top|arm:arm|datapath:dp|regfile:rf|rf~35                      ; Stuck at GND due to stuck port clock_enable ;
; top:top|arm:arm|datapath:dp|regfile:rf|rf~36                      ; Stuck at GND due to stuck port clock_enable ;
; top:top|arm:arm|datapath:dp|regfile:rf|rf~37                      ; Stuck at GND due to stuck port clock_enable ;
; top:top|arm:arm|datapath:dp|regfile:rf|rf~38                      ; Stuck at GND due to stuck port clock_enable ;
; top:top|arm:arm|datapath:dp|regfile:rf|rf~39                      ; Stuck at GND due to stuck port clock_enable ;
; top:top|arm:arm|datapath:dp|regfile:rf|rf~40                      ; Stuck at GND due to stuck port clock_enable ;
; top:top|arm:arm|datapath:dp|regfile:rf|rf~41                      ; Stuck at GND due to stuck port clock_enable ;
; top:top|arm:arm|datapath:dp|regfile:rf|rf~42                      ; Stuck at GND due to stuck port clock_enable ;
; top:top|arm:arm|datapath:dp|regfile:rf|rf~43                      ; Stuck at GND due to stuck port clock_enable ;
; top:top|arm:arm|datapath:dp|regfile:rf|rf~44                      ; Stuck at GND due to stuck port clock_enable ;
; top:top|arm:arm|datapath:dp|regfile:rf|rf~45                      ; Stuck at GND due to stuck port clock_enable ;
; top:top|arm:arm|datapath:dp|regfile:rf|rf~46                      ; Stuck at GND due to stuck port clock_enable ;
; top:top|arm:arm|datapath:dp|regfile:rf|rf~47                      ; Stuck at GND due to stuck port clock_enable ;
; top:top|arm:arm|datapath:dp|regfile:rf|rf~48                      ; Stuck at GND due to stuck port clock_enable ;
; top:top|arm:arm|datapath:dp|regfile:rf|rf~49                      ; Stuck at GND due to stuck port clock_enable ;
; top:top|arm:arm|datapath:dp|regfile:rf|rf~50                      ; Stuck at GND due to stuck port clock_enable ;
; top:top|arm:arm|datapath:dp|regfile:rf|rf~51                      ; Stuck at GND due to stuck port clock_enable ;
; top:top|arm:arm|datapath:dp|regfile:rf|rf~52                      ; Stuck at GND due to stuck port clock_enable ;
; top:top|arm:arm|datapath:dp|regfile:rf|rf~53                      ; Stuck at GND due to stuck port clock_enable ;
; top:top|arm:arm|datapath:dp|regfile:rf|rf~54                      ; Stuck at GND due to stuck port clock_enable ;
; top:top|arm:arm|datapath:dp|regfile:rf|rf~55                      ; Stuck at GND due to stuck port clock_enable ;
; top:top|arm:arm|datapath:dp|regfile:rf|rf~56                      ; Stuck at GND due to stuck port clock_enable ;
; top:top|arm:arm|datapath:dp|regfile:rf|rf~57                      ; Stuck at GND due to stuck port clock_enable ;
; top:top|arm:arm|datapath:dp|regfile:rf|rf~58                      ; Stuck at GND due to stuck port clock_enable ;
; top:top|arm:arm|datapath:dp|regfile:rf|rf~59                      ; Stuck at GND due to stuck port clock_enable ;
; top:top|arm:arm|datapath:dp|regfile:rf|rf~60                      ; Stuck at GND due to stuck port clock_enable ;
; top:top|arm:arm|datapath:dp|regfile:rf|rf~61                      ; Stuck at GND due to stuck port clock_enable ;
; top:top|arm:arm|datapath:dp|regfile:rf|rf~62                      ; Stuck at GND due to stuck port clock_enable ;
; top:top|arm:arm|datapath:dp|regfile:rf|rf~63                      ; Stuck at GND due to stuck port clock_enable ;
; top:top|arm:arm|datapath:dp|regfile:rf|rf~288                     ; Lost fanout                                 ;
; top:top|arm:arm|datapath:dp|regfile:rf|rf~256                     ; Lost fanout                                 ;
; top:top|arm:arm|datapath:dp|regfile:rf|rf~289                     ; Lost fanout                                 ;
; top:top|arm:arm|datapath:dp|regfile:rf|rf~257                     ; Lost fanout                                 ;
; top:top|arm:arm|datapath:dp|regfile:rf|rf~290                     ; Lost fanout                                 ;
; top:top|arm:arm|datapath:dp|regfile:rf|rf~258                     ; Lost fanout                                 ;
; top:top|arm:arm|datapath:dp|regfile:rf|rf~292                     ; Lost fanout                                 ;
; top:top|arm:arm|datapath:dp|regfile:rf|rf~260                     ; Lost fanout                                 ;
; top:top|arm:arm|datapath:dp|regfile:rf|rf~294                     ; Lost fanout                                 ;
; top:top|arm:arm|datapath:dp|regfile:rf|rf~262                     ; Lost fanout                                 ;
; top:top|arm:arm|datapath:dp|regfile:rf|rf~296                     ; Lost fanout                                 ;
; top:top|arm:arm|datapath:dp|regfile:rf|rf~264                     ; Lost fanout                                 ;
; top:top|arm:arm|datapath:dp|regfile:rf|rf~298                     ; Lost fanout                                 ;
; top:top|arm:arm|datapath:dp|regfile:rf|rf~266                     ; Lost fanout                                 ;
; top:top|arm:arm|datapath:dp|regfile:rf|rf~300                     ; Lost fanout                                 ;
; top:top|arm:arm|datapath:dp|regfile:rf|rf~268                     ; Lost fanout                                 ;
; top:top|arm:arm|datapath:dp|regfile:rf|rf~302                     ; Lost fanout                                 ;
; top:top|arm:arm|datapath:dp|regfile:rf|rf~270                     ; Lost fanout                                 ;
; top:top|arm:arm|datapath:dp|regfile:rf|rf~304                     ; Lost fanout                                 ;
; top:top|arm:arm|datapath:dp|regfile:rf|rf~272                     ; Lost fanout                                 ;
; top:top|arm:arm|datapath:dp|regfile:rf|rf~306                     ; Lost fanout                                 ;
; top:top|arm:arm|datapath:dp|regfile:rf|rf~274                     ; Lost fanout                                 ;
; top:top|arm:arm|datapath:dp|regfile:rf|rf~308                     ; Lost fanout                                 ;
; top:top|arm:arm|datapath:dp|regfile:rf|rf~276                     ; Lost fanout                                 ;
; top:top|arm:arm|datapath:dp|regfile:rf|rf~310                     ; Lost fanout                                 ;
; top:top|arm:arm|datapath:dp|regfile:rf|rf~278                     ; Lost fanout                                 ;
; top:top|arm:arm|datapath:dp|regfile:rf|rf~312                     ; Lost fanout                                 ;
; top:top|arm:arm|datapath:dp|regfile:rf|rf~280                     ; Lost fanout                                 ;
; top:top|arm:arm|datapath:dp|regfile:rf|rf~314                     ; Lost fanout                                 ;
; top:top|arm:arm|datapath:dp|regfile:rf|rf~282                     ; Lost fanout                                 ;
; top:top|arm:arm|datapath:dp|regfile:rf|rf~316                     ; Lost fanout                                 ;
; top:top|arm:arm|datapath:dp|regfile:rf|rf~284                     ; Lost fanout                                 ;
; top:top|arm:arm|datapath:dp|regfile:rf|rf~318                     ; Lost fanout                                 ;
; top:top|arm:arm|datapath:dp|regfile:rf|rf~286                     ; Lost fanout                                 ;
; Total Number of Removed Registers = 420                           ;                                             ;
+-------------------------------------------------------------------+---------------------------------------------+


+----------------------------------------------------------------------------------------------------------------------------+
; Removed Registers Triggering Further Register Optimizations                                                                ;
+-----------------------------------------------+---------------------------+------------------------------------------------+
; Register name                                 ; Reason for Removal        ; Registers Removed due to This Register         ;
+-----------------------------------------------+---------------------------+------------------------------------------------+
; top:top|arm:arm|datapath:dp|regfile:rf|rf~68  ; Stuck at GND              ; top:top|arm:arm|datapath:dp|regfile:rf|rf~34,  ;
;                                               ; due to stuck port data_in ; top:top|arm:arm|datapath:dp|regfile:rf|rf~35,  ;
;                                               ;                           ; top:top|arm:arm|datapath:dp|regfile:rf|rf~36,  ;
;                                               ;                           ; top:top|arm:arm|datapath:dp|regfile:rf|rf~37,  ;
;                                               ;                           ; top:top|arm:arm|datapath:dp|regfile:rf|rf~38,  ;
;                                               ;                           ; top:top|arm:arm|datapath:dp|regfile:rf|rf~39,  ;
;                                               ;                           ; top:top|arm:arm|datapath:dp|regfile:rf|rf~40,  ;
;                                               ;                           ; top:top|arm:arm|datapath:dp|regfile:rf|rf~41,  ;
;                                               ;                           ; top:top|arm:arm|datapath:dp|regfile:rf|rf~42,  ;
;                                               ;                           ; top:top|arm:arm|datapath:dp|regfile:rf|rf~43,  ;
;                                               ;                           ; top:top|arm:arm|datapath:dp|regfile:rf|rf~44,  ;
;                                               ;                           ; top:top|arm:arm|datapath:dp|regfile:rf|rf~45,  ;
;                                               ;                           ; top:top|arm:arm|datapath:dp|regfile:rf|rf~46,  ;
;                                               ;                           ; top:top|arm:arm|datapath:dp|regfile:rf|rf~47,  ;
;                                               ;                           ; top:top|arm:arm|datapath:dp|regfile:rf|rf~48,  ;
;                                               ;                           ; top:top|arm:arm|datapath:dp|regfile:rf|rf~49,  ;
;                                               ;                           ; top:top|arm:arm|datapath:dp|regfile:rf|rf~50,  ;
;                                               ;                           ; top:top|arm:arm|datapath:dp|regfile:rf|rf~51,  ;
;                                               ;                           ; top:top|arm:arm|datapath:dp|regfile:rf|rf~52,  ;
;                                               ;                           ; top:top|arm:arm|datapath:dp|regfile:rf|rf~53,  ;
;                                               ;                           ; top:top|arm:arm|datapath:dp|regfile:rf|rf~54,  ;
;                                               ;                           ; top:top|arm:arm|datapath:dp|regfile:rf|rf~55,  ;
;                                               ;                           ; top:top|arm:arm|datapath:dp|regfile:rf|rf~56,  ;
;                                               ;                           ; top:top|arm:arm|datapath:dp|regfile:rf|rf~57,  ;
;                                               ;                           ; top:top|arm:arm|datapath:dp|regfile:rf|rf~58,  ;
;                                               ;                           ; top:top|arm:arm|datapath:dp|regfile:rf|rf~59,  ;
;                                               ;                           ; top:top|arm:arm|datapath:dp|regfile:rf|rf~60,  ;
;                                               ;                           ; top:top|arm:arm|datapath:dp|regfile:rf|rf~61,  ;
;                                               ;                           ; top:top|arm:arm|datapath:dp|regfile:rf|rf~62,  ;
;                                               ;                           ; top:top|arm:arm|datapath:dp|regfile:rf|rf~63,  ;
;                                               ;                           ; top:top|arm:arm|datapath:dp|regfile:rf|rf~292, ;
;                                               ;                           ; top:top|arm:arm|datapath:dp|regfile:rf|rf~294, ;
;                                               ;                           ; top:top|arm:arm|datapath:dp|regfile:rf|rf~296, ;
;                                               ;                           ; top:top|arm:arm|datapath:dp|regfile:rf|rf~298, ;
;                                               ;                           ; top:top|arm:arm|datapath:dp|regfile:rf|rf~300, ;
;                                               ;                           ; top:top|arm:arm|datapath:dp|regfile:rf|rf~302, ;
;                                               ;                           ; top:top|arm:arm|datapath:dp|regfile:rf|rf~304, ;
;                                               ;                           ; top:top|arm:arm|datapath:dp|regfile:rf|rf~306, ;
;                                               ;                           ; top:top|arm:arm|datapath:dp|regfile:rf|rf~308, ;
;                                               ;                           ; top:top|arm:arm|datapath:dp|regfile:rf|rf~310, ;
;                                               ;                           ; top:top|arm:arm|datapath:dp|regfile:rf|rf~312, ;
;                                               ;                           ; top:top|arm:arm|datapath:dp|regfile:rf|rf~314, ;
;                                               ;                           ; top:top|arm:arm|datapath:dp|regfile:rf|rf~316, ;
;                                               ;                           ; top:top|arm:arm|datapath:dp|regfile:rf|rf~318  ;
; top:top|arm:arm|datapath:dp|regfile:rf|rf~64  ; Stuck at GND              ; top:top|arm:arm|datapath:dp|regfile:rf|rf~32,  ;
;                                               ; due to stuck port data_in ; top:top|arm:arm|datapath:dp|regfile:rf|rf~288  ;
; top:top|arm:arm|datapath:dp|regfile:rf|rf~65  ; Stuck at GND              ; top:top|arm:arm|datapath:dp|regfile:rf|rf~33   ;
;                                               ; due to stuck port data_in ;                                                ;
; top:top|arm:arm|datapath:dp|regfile:rf|rf~66  ; Stuck at GND              ; top:top|arm:arm|datapath:dp|regfile:rf|rf~258  ;
;                                               ; due to stuck port data_in ;                                                ;
; top:top|arm:arm|datapath:dp|regfile:rf|rf~322 ; Stuck at GND              ; top:top|arm:arm|datapath:dp|regfile:rf|rf~290  ;
;                                               ; due to stuck port data_in ;                                                ;
+-----------------------------------------------+---------------------------+------------------------------------------------+


+------------------------------------------------------+
; General Register Statistics                          ;
+----------------------------------------------+-------+
; Statistic                                    ; Value ;
+----------------------------------------------+-------+
; Total registers                              ; 2144  ;
; Number of registers using Synchronous Clear  ; 0     ;
; Number of registers using Synchronous Load   ; 30    ;
; Number of registers using Asynchronous Clear ; 34    ;
; Number of registers using Asynchronous Load  ; 0     ;
; Number of registers using Clock Enable       ; 2114  ;
; Number of registers using Preset             ; 0     ;
+----------------------------------------------+-------+


+------------------------------------------------------------------------------------------------------------------------------------------------------------------------+
; Multiplexer Restructuring Statistics (Restructuring Performed)                                                                                                         ;
+--------------------+-----------+---------------+----------------------+------------------------+------------+----------------------------------------------------------+
; Multiplexer Inputs ; Bus Width ; Baseline Area ; Area if Restructured ; Saving if Restructured ; Registered ; Example Multiplexer Output                               ;
+--------------------+-----------+---------------+----------------------+------------------------+------------+----------------------------------------------------------+
; 4:1                ; 32 bits   ; 64 LEs        ; 64 LEs               ; 0 LEs                  ; No         ; |board_top|top:top|arm:arm|datapath:dp|alu:alu|Mux31     ;
; 3:1                ; 6 bits    ; 12 LEs        ; 12 LEs               ; 0 LEs                  ; No         ; |board_top|top:top|arm:arm|datapath:dp|mux2:srcbmux|y[4] ;
; 3:1                ; 2 bits    ; 4 LEs         ; 4 LEs                ; 0 LEs                  ; No         ; |board_top|top:top|arm:arm|datapath:dp|mux2:srcbmux|y[1] ;
+--------------------+-----------+---------------+----------------------+------------------------+------------+----------------------------------------------------------+


+---------------------------------------------------------------------------------------------------------+
; Parameter Settings for User Entity Instance: top:top|arm:arm|controller:c|condlogic:cl|flopenr:flagreg1 ;
+----------------+-------+--------------------------------------------------------------------------------+
; Parameter Name ; Value ; Type                                                                           ;
+----------------+-------+--------------------------------------------------------------------------------+
; WIDTH          ; 2     ; Signed Integer                                                                 ;
+----------------+-------+--------------------------------------------------------------------------------+
Note: In order to hide this table in the UI and the text report file, please set the "Show Parameter Settings in Synthesis Report" option in "Analysis and Synthesis Settings -> More Settings" to "Off".


+---------------------------------------------------------------------------------------------------------+
; Parameter Settings for User Entity Instance: top:top|arm:arm|controller:c|condlogic:cl|flopenr:flagreg0 ;
+----------------+-------+--------------------------------------------------------------------------------+
; Parameter Name ; Value ; Type                                                                           ;
+----------------+-------+--------------------------------------------------------------------------------+
; WIDTH          ; 2     ; Signed Integer                                                                 ;
+----------------+-------+--------------------------------------------------------------------------------+
Note: In order to hide this table in the UI and the text report file, please set the "Show Parameter Settings in Synthesis Report" option in "Analysis and Synthesis Settings -> More Settings" to "Off".


+-------------------------------------------------------------------------------------+
; Parameter Settings for User Entity Instance: top:top|arm:arm|datapath:dp|mux2:pcmux ;
+----------------+-------+------------------------------------------------------------+
; Parameter Name ; Value ; Type                                                       ;
+----------------+-------+------------------------------------------------------------+
; WIDTH          ; 32    ; Signed Integer                                             ;
+----------------+-------+------------------------------------------------------------+
Note: In order to hide this table in the UI and the text report file, please set the "Show Parameter Settings in Synthesis Report" option in "Analysis and Synthesis Settings -> More Settings" to "Off".


+--------------------------------------------------------------------------------------+
; Parameter Settings for User Entity Instance: top:top|arm:arm|datapath:dp|flopr:pcreg ;
+----------------+-------+-------------------------------------------------------------+
; Parameter Name ; Value ; Type                                                        ;
+----------------+-------+-------------------------------------------------------------+
; WIDTH          ; 32    ; Signed Integer                                              ;
+----------------+-------+-------------------------------------------------------------+
Note: In order to hide this table in the UI and the text report file, please set the "Show Parameter Settings in Synthesis Report" option in "Analysis and Synthesis Settings -> More Settings" to "Off".


+---------------------------------------------------------------------------------------+
; Parameter Settings for User Entity Instance: top:top|arm:arm|datapath:dp|adder:pcadd1 ;
+----------------+-------+--------------------------------------------------------------+
; Parameter Name ; Value ; Type                                                         ;
+----------------+-------+--------------------------------------------------------------+
; WIDTH          ; 32    ; Signed Integer                                               ;
+----------------+-------+--------------------------------------------------------------+
Note: In order to hide this table in the UI and the text report file, please set the "Show Parameter Settings in Synthesis Report" option in "Analysis and Synthesis Settings -> More Settings" to "Off".


+---------------------------------------------------------------------------------------+
; Parameter Settings for User Entity Instance: top:top|arm:arm|datapath:dp|adder:pcadd2 ;
+----------------+-------+--------------------------------------------------------------+
; Parameter Name ; Value ; Type                                                         ;
+----------------+-------+--------------------------------------------------------------+
; WIDTH          ; 32    ; Signed Integer                                               ;
+----------------+-------+--------------------------------------------------------------+
Note: In order to hide this table in the UI and the text report file, please set the "Show Parameter Settings in Synthesis Report" option in "Analysis and Synthesis Settings -> More Settings" to "Off".


+--------------------------------------------------------------------------------------+
; Parameter Settings for User Entity Instance: top:top|arm:arm|datapath:dp|mux2:ra1mux ;
+----------------+-------+-------------------------------------------------------------+
; Parameter Name ; Value ; Type                                                        ;
+----------------+-------+-------------------------------------------------------------+
; WIDTH          ; 4     ; Signed Integer                                              ;
+----------------+-------+-------------------------------------------------------------+
Note: In order to hide this table in the UI and the text report file, please set the "Show Parameter Settings in Synthesis Report" option in "Analysis and Synthesis Settings -> More Settings" to "Off".


+--------------------------------------------------------------------------------------+
; Parameter Settings for User Entity Instance: top:top|arm:arm|datapath:dp|mux2:ra2mux ;
+----------------+-------+-------------------------------------------------------------+
; Parameter Name ; Value ; Type                                                        ;
+----------------+-------+-------------------------------------------------------------+
; WIDTH          ; 4     ; Signed Integer                                              ;
+----------------+-------+-------------------------------------------------------------+
Note: In order to hide this table in the UI and the text report file, please set the "Show Parameter Settings in Synthesis Report" option in "Analysis and Synthesis Settings -> More Settings" to "Off".


+--------------------------------------------------------------------------------------+
; Parameter Settings for User Entity Instance: top:top|arm:arm|datapath:dp|mux2:resmux ;
+----------------+-------+-------------------------------------------------------------+
; Parameter Name ; Value ; Type                                                        ;
+----------------+-------+-------------------------------------------------------------+
; WIDTH          ; 32    ; Signed Integer                                              ;
+----------------+-------+-------------------------------------------------------------+
Note: In order to hide this table in the UI and the text report file, please set the "Show Parameter Settings in Synthesis Report" option in "Analysis and Synthesis Settings -> More Settings" to "Off".


+---------------------------------------------------------------------------------------+
; Parameter Settings for User Entity Instance: top:top|arm:arm|datapath:dp|mux2:srcbmux ;
+----------------+-------+--------------------------------------------------------------+
; Parameter Name ; Value ; Type                                                         ;
+----------------+-------+--------------------------------------------------------------+
; WIDTH          ; 32    ; Signed Integer                                               ;
+----------------+-------+--------------------------------------------------------------+
Note: In order to hide this table in the UI and the text report file, please set the "Show Parameter Settings in Synthesis Report" option in "Analysis and Synthesis Settings -> More Settings" to "Off".


+---------------------------------------------------------------------+
; Port Connectivity Checks: "top:top|arm:arm|datapath:dp|mux2:ra1mux" ;
+------+-------+----------+-------------------------------------------+
; Port ; Type  ; Severity ; Details                                   ;
+------+-------+----------+-------------------------------------------+
; d1   ; Input ; Info     ; Stuck at VCC                              ;
+------+-------+----------+-------------------------------------------+


+----------------------------------------------------------------------+
; Port Connectivity Checks: "top:top|arm:arm|datapath:dp|adder:pcadd2" ;
+----------+-------+----------+----------------------------------------+
; Port     ; Type  ; Severity ; Details                                ;
+----------+-------+----------+----------------------------------------+
; b[31..3] ; Input ; Info     ; Stuck at GND                           ;
; b[1..0]  ; Input ; Info     ; Stuck at GND                           ;
; b[2]     ; Input ; Info     ; Stuck at VCC                           ;
+----------+-------+----------+----------------------------------------+


+----------------------------------------------------------------------+
; Port Connectivity Checks: "top:top|arm:arm|datapath:dp|adder:pcadd1" ;
+----------+-------+----------+----------------------------------------+
; Port     ; Type  ; Severity ; Details                                ;
+----------+-------+----------+----------------------------------------+
; b[31..3] ; Input ; Info     ; Stuck at GND                           ;
; b[1..0]  ; Input ; Info     ; Stuck at GND                           ;
; b[2]     ; Input ; Info     ; Stuck at VCC                           ;
+----------+-------+----------+----------------------------------------+


+-------------------------------+
; Elapsed Time Per Partition    ;
+----------------+--------------+
; Partition Name ; Elapsed Time ;
+----------------+--------------+
; Top            ; 00:00:04     ;
+----------------+--------------+


+-------------------------------+
; Analysis & Synthesis Messages ;
+-------------------------------+
Info: *******************************************************************
Info: Running Quartus II 64-Bit Analysis & Synthesis
    Info: Version 13.1.0 Build 162 10/23/2013 SJ Web Edition
    Info: Processing started: Fri Mar 22 02:15:30 2019
Info: Command: quartus_map --read_settings_files=on --write_settings_files=off de2_115_top -c de2_115_top
Warning (20028): Parallel compilation is not licensed and has been disabled
Info (12021): Found 4 design units, including 4 entities, in source file testbench.sv
    Info (12023): Found entity 1: testbench
    Info (12023): Found entity 2: top
    Info (12023): Found entity 3: dmem
    Info (12023): Found entity 4: imem
Info (12021): Found 13 design units, including 13 entities, in source file sm_top.sv
    Info (12023): Found entity 1: arm
    Info (12023): Found entity 2: controller
    Info (12023): Found entity 3: decoder
    Info (12023): Found entity 4: condlogic
    Info (12023): Found entity 5: condcheck
    Info (12023): Found entity 6: datapath
    Info (12023): Found entity 7: alu
    Info (12023): Found entity 8: regfile
    Info (12023): Found entity 9: adder
    Info (12023): Found entity 10: extend
    Info (12023): Found entity 11: flopr
    Info (12023): Found entity 12: flopenr
    Info (12023): Found entity 13: mux2
Info (12021): Found 1 design units, including 1 entities, in source file board_top.sv
    Info (12023): Found entity 1: board_top
Info (12127): Elaborating entity "board_top" for the top level hierarchy
Info (12128): Elaborating entity "top" for hierarchy "top:top"
Info (12128): Elaborating entity "arm" for hierarchy "top:top|arm:arm"
Info (12128): Elaborating entity "controller" for hierarchy "top:top|arm:arm|controller:c"
Info (12128): Elaborating entity "decoder" for hierarchy "top:top|arm:arm|controller:c|decoder:dec"
Info (12128): Elaborating entity "condlogic" for hierarchy "top:top|arm:arm|controller:c|condlogic:cl"
Info (12128): Elaborating entity "flopenr" for hierarchy "top:top|arm:arm|controller:c|condlogic:cl|flopenr:flagreg1"
Info (12128): Elaborating entity "condcheck" for hierarchy "top:top|arm:arm|controller:c|condlogic:cl|condcheck:cc"
Info (12128): Elaborating entity "datapath" for hierarchy "top:top|arm:arm|datapath:dp"
Info (12128): Elaborating entity "mux2" for hierarchy "top:top|arm:arm|datapath:dp|mux2:pcmux"
Info (12128): Elaborating entity "flopr" for hierarchy "top:top|arm:arm|datapath:dp|flopr:pcreg"
Info (12128): Elaborating entity "adder" for hierarchy "top:top|arm:arm|datapath:dp|adder:pcadd1"
Info (12128): Elaborating entity "mux2" for hierarchy "top:top|arm:arm|datapath:dp|mux2:ra1mux"
Info (12128): Elaborating entity "regfile" for hierarchy "top:top|arm:arm|datapath:dp|regfile:rf"
Info (12128): Elaborating entity "extend" for hierarchy "top:top|arm:arm|datapath:dp|extend:ext"
Info (12128): Elaborating entity "alu" for hierarchy "top:top|arm:arm|datapath:dp|alu:alu"
Warning (10036): Verilog HDL or VHDL warning at sm_top.sv(207): object "NewSrcB" assigned a value but never read
Info (12128): Elaborating entity "imem" for hierarchy "top:top|imem:imem"
Warning (10850): Verilog HDL warning at testbench.sv(70): number of words (4) in memory file does not match the number of elements in the address range [0:63]
Warning (10030): Net "RAM.data_a" at testbench.sv(69) has no driver or initial value, using a default initial value '0'
Warning (10030): Net "RAM.waddr_a" at testbench.sv(69) has no driver or initial value, using a default initial value '0'
Warning (10030): Net "RAM.we_a" at testbench.sv(69) has no driver or initial value, using a default initial value '0'
Info (12128): Elaborating entity "dmem" for hierarchy "top:top|dmem:dmem"
Info (276014): Found 2 instances of uninferred RAM logic
    Info (276007): RAM logic "top:top|arm:arm|datapath:dp|regfile:rf|rf" is uninferred due to asynchronous read logic
    Info (276007): RAM logic "top:top|dmem:dmem|RAM" is uninferred due to asynchronous read logic
Warning (127007): Memory Initialization File or Hexadecimal (Intel-Format) File "C:/Users/Andr9/Desktop/schoolmips/schoolarm/board/de2-115/db/de2_115_top.ram0_imem_37c714.hdl.mif" contains "don't care" values -- overwriting them with 0s
Info (286030): Timing-Driven Synthesis is running
Info (17049): 36 registers lost all their fanouts during netlist optimizations.
Info (144001): Generated suppressed messages file C:/Users/Andr9/Desktop/schoolmips/schoolarm/board/de2-115/output_files/de2_115_top.map.smsg
Info (16010): Generating hard_block partition "hard_block:auto_generated_inst"
    Info (16011): Adding 0 node(s), including 0 DDIO, 0 PLL, 0 transceiver and 0 LCELL
Info (21057): Implemented 3943 device resources after synthesis - the final resource count might be different
    Info (21058): Implemented 2 input pins
    Info (21059): Implemented 65 output pins
    Info (21061): Implemented 3876 logic cells
Info: Quartus II 64-Bit Analysis & Synthesis was successful. 0 errors, 7 warnings
    Info: Peak virtual memory: 4664 megabytes
    Info: Processing ended: Fri Mar 22 02:15:37 2019
    Info: Elapsed time: 00:00:07
    Info: Total CPU time (on all processors): 00:00:07


+------------------------------------------+
; Analysis & Synthesis Suppressed Messages ;
+------------------------------------------+
The suppressed messages can be found in C:/Users/Andr9/Desktop/schoolmips/schoolarm/board/de2-115/output_files/de2_115_top.map.smsg.


