------------------------------------------------------------
Timing Analyzer Summary
------------------------------------------------------------

Type  : Slow 1200mV 85C Model Setup 'sm_top:sm_top|sm_clk_divider:sm_clk_divider|sm_register_we:r_cntr|dividerReg[22]'
Slack : -19.547
TNS   : -40206.469

Type  : Slow 1200mV 85C Model Setup 'ADC_CLK_10'
Slack : -2.071
TNS   : -28.032

Type  : Slow 1200mV 85C Model Hold 'sm_top:sm_top|sm_clk_divider:sm_clk_divider|sm_register_we:r_cntr|dividerReg[22]'
Slack : 0.342
TNS   : 0.000

Type  : Slow 1200mV 85C Model Hold 'ADC_CLK_10'
Slack : 0.348
TNS   : 0.000

Type  : Slow 1200mV 85C Model Minimum Pulse Width 'ADC_CLK_10'
Slack : -3.000
TNS   : -35.269

Type  : Slow 1200mV 85C Model Minimum Pulse Width 'sm_top:sm_top|sm_clk_divider:sm_clk_divider|sm_register_we:r_cntr|dividerReg[22]'
Slack : -1.403
TNS   : -3595.889

Type  : Slow 1200mV 0C Model Setup 'sm_top:sm_top|sm_clk_divider:sm_clk_divider|sm_register_we:r_cntr|dividerReg[22]'
Slack : -18.057
TNS   : -37047.163

Type  : Slow 1200mV 0C Model Setup 'ADC_CLK_10'
Slack : -1.749
TNS   : -23.159

Type  : Slow 1200mV 0C Model Hold 'sm_top:sm_top|sm_clk_divider:sm_clk_divider|sm_register_we:r_cntr|dividerReg[22]'
Slack : 0.306
TNS   : 0.000

Type  : Slow 1200mV 0C Model Hold 'ADC_CLK_10'
Slack : 0.311
TNS   : 0.000

Type  : Slow 1200mV 0C Model Minimum Pulse Width 'ADC_CLK_10'
Slack : -3.000
TNS   : -35.269

Type  : Slow 1200mV 0C Model Minimum Pulse Width 'sm_top:sm_top|sm_clk_divider:sm_clk_divider|sm_register_we:r_cntr|dividerReg[22]'
Slack : -1.403
TNS   : -3595.889

Type  : Fast 1200mV 0C Model Setup 'sm_top:sm_top|sm_clk_divider:sm_clk_divider|sm_register_we:r_cntr|dividerReg[22]'
Slack : -8.181
TNS   : -16589.912

Type  : Fast 1200mV 0C Model Setup 'ADC_CLK_10'
Slack : -0.871
TNS   : -1.091

Type  : Fast 1200mV 0C Model Hold 'sm_top:sm_top|sm_clk_divider:sm_clk_divider|sm_register_we:r_cntr|dividerReg[22]'
Slack : 0.149
TNS   : 0.000

Type  : Fast 1200mV 0C Model Hold 'ADC_CLK_10'
Slack : 0.152
TNS   : 0.000

Type  : Fast 1200mV 0C Model Minimum Pulse Width 'ADC_CLK_10'
Slack : -3.000
TNS   : -26.788

Type  : Fast 1200mV 0C Model Minimum Pulse Width 'sm_top:sm_top|sm_clk_divider:sm_clk_divider|sm_register_we:r_cntr|dividerReg[22]'
Slack : -1.000
TNS   : -2563.000

------------------------------------------------------------
